case
control
control
control
control
control
control
control
case
control
control
control
case
case
case
case
case
control
case
case
control
case
control
case
case
control
control
control
case
control
case
control
case
control
control
case
case
control
case
case
case
case
case
case
case
control
control
case
case
case
case
control
case
control
control
control
control
control
control
case
case
control
control
case
case
control
control
control
control
case
case
case
control
control
case
control
case
case
case
control
control
control
control
case
case
case
control
control
case
control
control
case
control
control
control
control
control
case
case
case
control
case
case
case
case
control
case
case
control
case
case
control
case
control
control
case
case
case
control
control
case
case
control
case
control
case
case
control
case
case
control
control
case
control
case
control
control
case
control
case
case
control
case
case
case
control
case
control
case
control
control
case
control
control
control
control
case
control
case
case
control
case
case
control
case
control
case
control
control
case
control
case
control
case
control
case
control
control
control
control
case
control
case
case
control
control
case
control
control
control
control
control
case
case
case
control
control
case
control
control
control
control
case
case
control
case
control
control
control
control
case
control
case
case
case
control
case
case
case
control
case
control
control
case
case
control
case
control
control
case
control
control
case
control
control
control
control
control
case
case
control
control
case
case
case
case
case
case
control
case
control
case
control
case
case
control
case
case
control
control
control
control
case
case
control
control
control
control
case
case
control
control
case
control
case
case
case
control
case
case
control
case
control
control
control
case
case
control
case
case
control
case
control
control
control
case
control
case
case
control
case
control
control
case
control
case
case
case
case
control
case
control
control
control
control
control
case
case
control
case
case
case
control
case
control
case
case
case
case
case
control
control
case
case
case
control
control
case
control
control
control
case
case
control
